// Jest Snapshot v1, https://goo.gl/fbAQLP

exports[`Page component is rendered correctly 1`] = `
<div
  className="page "
/>
`;
