// Jest Snapshot v1, https://goo.gl/fbAQLP

exports[`MainPage component is rendered correctly 1`] = `
<div
  className="cities"
>
  <div
    className="cities__places-container container "
  />
</div>
`;
