// Jest Snapshot v1, https://goo.gl/fbAQLP

exports[`ReviewsList component is rendered correctly 1`] = `
Array [
  <h2
    className="reviews__title"
  >
    Reviews Â· 
    <span
      className="reviews__amount"
    >
      1
    </span>
  </h2>,
  <ul
    className="reviews__list"
  />,
]
`;
