// Jest Snapshot v1, https://goo.gl/fbAQLP

exports[`HotelCardsList component is rendered correctly 1`] = `
<div
  className=""
/>
`;
